[2026-03-07 05:09:15] ✉️ ASYNC EMAIL CONFIRMATION DISPATCHED
     User ID: 1
     Session ID: 6
     Modality: Onsite
     Data: Location: Main Library, Conference Room A
---------------------------------------------------------
[2026-03-07 15:03:07] ✉️ ASYNC EMAIL CONFIRMATION DISPATCHED
     To: 24-1021-948@student.auf.edu.ph (User ID: 9)
     Session ID: 7
     Modality: Onsite
     Data: Location: Main Library, Conference Room A
---------------------------------------------------------
[2026-03-08 11:28:46] ✉️ ASYNC EMAIL CONFIRMATION DISPATCHED
     To: student@example.com (User ID: 1)
     Session ID: 8
     Modality: Onsite
     Data: Location: Main Library, Conference Room A
---------------------------------------------------------
[2026-03-08 12:30:46] ✉️ ASYNC EMAIL CONFIRMATION DISPATCHED
     To: student@example.com (User ID: 1)
     Session ID: 9
     Modality: Online
     Data: Meeting Link: https://zoom.us/j/mockmeeting4702
---------------------------------------------------------
[2026-04-02 19:30:13] ✉️ ASYNC EMAIL CONFIRMATION DISPATCHED
     To: student@example.com (User ID: 1)
     Session ID: 10
     Modality: Onsite
     Data: Location: Main Library, Conference Room A
---------------------------------------------------------
[2026-04-02 20:30:03] ✉️ ASYNC EMAIL CONFIRMATION DISPATCHED
     To: student@example.com (User ID: 1)
     Session ID: 1
     Modality: Onsite
     Data: Location: Main Library, Conference Room A
---------------------------------------------------------
[2026-04-02 20:30:59] ✉️ ASYNC EMAIL CONFIRMATION DISPATCHED
     To: student@example.com (User ID: 1)
     Session ID: 2
     Modality: Onsite
     Data: Location: Main Library, Conference Room A
---------------------------------------------------------
[2026-04-11 07:13:25] ✉️ ASYNC EMAIL CONFIRMATION DISPATCHED
     To: student@example.com (User ID: 1)
     Session ID: 3
     Modality: Onsite
     Data: Location: Main Library, Conference Room A
---------------------------------------------------------
